abhij@DESKTOP-G1EEPMP MINGW64 /D
$ ls
'$RECYCLE.BIN'/    Softwares/                   'my files'/
 Games/           'System Volume Information'/  'my python project'/
 MIN/              Temp/                         other/
'My project'/      VLC/                          pagefile.sys
'New folder'/     'full stack dev'/              photo/
'Program Files'/   msdownld.tmp/                 xx.py

abhij@DESKTOP-G1EEPMP MINGW64 /D
$ cd myproject/
bash: cd: myproject/: No such file or directory

abhij@DESKTOP-G1EEPMP MINGW64 /D
$ ls
'$RECYCLE.BIN'/   'System Volume Information'/  'my python project'/
 Games/            Temp/                         myproject/
 MIN/              VLC/                          other/
'New folder'/     'full stack dev'/              pagefile.sys
'Program Files'/   msdownld.tmp/                 photo/
 Softwares/       'my files'/                    xx.py

abhij@DESKTOP-G1EEPMP MINGW64 /D
$ cd myproject/

abhij@DESKTOP-G1EEPMP MINGW64 /D/myproject
$ ls
'100k coding'/   c/   c++/   gitproject/  'vs code'/

abhij@DESKTOP-G1EEPMP MINGW64 /D/myproject
$ gitproject/
bash: gitproject/: Is a directory

abhij@DESKTOP-G1EEPMP MINGW64 /D/myproject
$ ls
'100k coding'/   c/   c++/   gproject/  'vs code'/

abhij@DESKTOP-G1EEPMP MINGW64 /D/myproject
$ cd gproject/

abhij@DESKTOP-G1EEPMP MINGW64 /D/myproject/gproject
$ git init
Initialized empty Git repository in D:/myproject/gproject/.git/

abhij@DESKTOP-G1EEPMP MINGW64 /D/myproject/gproject (master)
$ ls -a
./  ../  .git/

abhij@DESKTOP-G1EEPMP MINGW64 /D/myproject/gproject (master)
$ pwd
/D/myproject/gproject

abhij@DESKTOP-G1EEPMP MINGW64 /D/myproject/gproject (master)
$ ls -a
./  ../  .git/

abhij@DESKTOP-G1EEPMP MINGW64 /D/myproject/gproject (master)
$ git status
On branch master

No commits yet

Untracked files:
  (use "git add <file>..." to include in what will be committed)
        gg.html

nothing added to commit but untracked files present (use "git add" to track)

abhij@DESKTOP-G1EEPMP MINGW64 /D/myproject/gproject (master)
$ git add hello
fatal: pathspec 'hello' did not match any files

abhij@DESKTOP-G1EEPMP MINGW64 /D/myproject/gproject (master)
$ git add gg.html

abhij@DESKTOP-G1EEPMP MINGW64 /D/myproject/gproject (master)
$ git status
On branch master

No commits yet

Changes to be committed:
  (use "git rm --cached <file>..." to unstage)
        new file:   gg.html


abhij@DESKTOP-G1EEPMP MINGW64 /D/myproject/gproject (master)
$ git commit -m "hi all"
[master (root-commit) b2bedd3] hi all
 1 file changed, 12 insertions(+)
 create mode 100644 gg.html

abhij@DESKTOP-G1EEPMP MINGW64 /D/myproject/gproject (master)
$ git status
On branch master
nothing to commit, working tree clean

abhij@DESKTOP-G1EEPMP MINGW64 /D/myproject/gproject (master)
$ git stsus
git: 'stsus' is not a git command. See 'git --help'.

The most similar command is
        status

abhij@DESKTOP-G1EEPMP MINGW64 /D/myproject/gproject (master)
$ git status
On branch master
Changes not staged for commit:
  (use "git add <file>..." to update what will be committed)
  (use "git restore <file>..." to discard changes in working directory)
        modified:   gg.html

no changes added to commit (use "git add" and/or "git commit -a")

abhij@DESKTOP-G1EEPMP MINGW64 /D/myproject/gproject (master)
$ git add gg.html

abhij@DESKTOP-G1EEPMP MINGW64 /D/myproject/gproject (master)
$ git status
On branch master
Changes to be committed:
  (use "git restore --staged <file>..." to unstage)
        modified:   gg.html


abhij@DESKTOP-G1EEPMP MINGW64 /D/myproject/gproject (master)
$ git commit -m "added some messages"
[master 225244b] added some messages
 1 file changed, 1 insertion(+)

abhij@DESKTOP-G1EEPMP MINGW64 /D/myproject/gproject (master)
$ git sttsus
git: 'sttsus' is not a git command. See 'git --help'.

The most similar command is
        status

abhij@DESKTOP-G1EEPMP MINGW64 /D/myproject/gproject (master)
$ git status
On branch master
nothing to commit, working tree clean

abhij@DESKTOP-G1EEPMP MINGW64 /D/myproject/gproject (master)
$ git log
commit 225244b06e87b1b902951f1dc6b3e01124bc07e9 (HEAD -> master)
Author: *abhijithp327* <abhijithp327@gmail.com>
Date:   Fri Feb 18 11:55:31 2022 +0530

    added some messages

commit b2bedd3d0b5ad57889f3b9f85477b78143fa9d5b
Author: *abhijithp327* <abhijithp327@gmail.com>
Date:   Fri Feb 18 11:46:11 2022 +0530

    hi all

abhij@DESKTOP-G1EEPMP MINGW64 /D/myproject/gproject (master)
$ git checkout b2bedd3d0b5ad57889f3b9f85477b78143fa9d5b
Note: switching to 'b2bedd3d0b5ad57889f3b9f85477b78143fa9d5b'.

You are in 'detached HEAD' state. You can look around, make experimental
changes and commit them, and you can discard any commits you make in this
state without impacting any branches by switching back to a branch.

If you want to create a new branch to retain commits you create, you may
do so (now or later) by using -c with the switch command. Example:

  git switch -c <new-branch-name>

Or undo this operation with:

  git switch -

Turn off this advice by setting config variable advice.detachedHead to false

HEAD is now at b2bedd3 hi all

abhij@DESKTOP-G1EEPMP MINGW64 /D/myproject/gproject ((b2bedd3...))
$ git checkout  225244b06e87b1b902951f1dc6b3e01124bc07e9
Previous HEAD position was b2bedd3 hi all
HEAD is now at 225244b added some messages

abhij@DESKTOP-G1EEPMP MINGW64 /D/myproject/gproject ((225244b...))
$ git log
commit 225244b06e87b1b902951f1dc6b3e01124bc07e9 (HEAD, master)
Author: *abhijithp327* <abhijithp327@gmail.com>
Date:   Fri Feb 18 11:55:31 2022 +0530

    added some messages

commit b2bedd3d0b5ad57889f3b9f85477b78143fa9d5b
Author: *abhijithp327* <abhijithp327@gmail.com>
Date:   Fri Feb 18 11:46:11 2022 +0530

    hi all

abhij@DESKTOP-G1EEPMP MINGW64 /D/myproject/gproject ((225244b...))
$ git log --all
commit 225244b06e87b1b902951f1dc6b3e01124bc07e9 (HEAD, master)
Author: *abhijithp327* <abhijithp327@gmail.com>
Date:   Fri Feb 18 11:55:31 2022 +0530

    added some messages

commit b2bedd3d0b5ad57889f3b9f85477b78143fa9d5b
Author: *abhijithp327* <abhijithp327@gmail.com>
Date:   Fri Feb 18 11:46:11 2022 +0530

    hi all

abhij@DESKTOP-G1EEPMP MINGW64 /D/myproject/gproject ((225244b...))
$
